
> dndkittest2@0.1.0 test
> NODE_OPTIONS=--max-old-space-size=4096 vitest run


 RUN  v4.1.8 /home/joshpoms/moduli/client

Browserslist: browsers data (caniuse-lite) is 6 months old. Please run:
  npx update-browserslist-db@latest
  Why you should do it regularly: https://github.com/browserslist/update-db#readme

 Test Files  122 passed (122)
      Tests  1775 passed (1775)
   Start at  21:24:30
   Duration  49.31s (transform 30.48s, setup 23.72s, import 97.48s, tests 74.99s, environment 260.99s)

